python : Creating test 
database for alias 
'default' ('file:memory
db_default?mode=memory&
cache=shared')...
Au caractère Ligne:1 : 
1
+ python manage.py 
test achats.tests.Achat
FournisseurTestCase.tes
t_crea ...
+ ~~~~~~~~~~~~~~~~~~~~~
~~~~~~~~~~~~~~~~~~~~~~~
~~~~~~~~~~~~~~~~~~~~~~~
~~
    + CategoryInfo     
         : NotSpecifi  
  ed: (Creating test   
  d...che=shared').    
..:String) [], Rem    
oteException
    + FullyQualifiedEr 
   rorId : NativeComm  
  andError
 

Found 1 test(s).
Operations to perform:
  Synchronize unmigrated apps: corsheaders, django_filters, messages, rest_framework, rest_framework_simplejwt, staticfiles
  Apply all migrations: achats, admin, audit, auth, auth_users, clients, commandes, contenttypes, django_rest_passwordreset, factures, finances, produits, sessions, stock, token_blacklist
Synchronizing apps without migrations:
  Creating tables...
    Running deferred SQL...
Running migrations:
  Applying contenttypes.0001_initial... OK
  Applying contenttypes.0002_remove_content_type_name... OK
  Applying auth.0001_initial... OK
  Applying auth.0002_alter_permission_name_max_length... OK
  Applying auth.0003_alter_user_email_max_length... OK
  Applying auth.0004_alter_user_username_opts... OK
  Applying auth.0005_alter_user_last_login_null... OK
  Applying auth.0006_require_contenttypes_0002... OK
  Applying auth.0007_alter_validators_add_error_messages... OK
  Applying auth.0008_alter_user_username_max_length... OK
  Applying auth.0009_alter_user_last_name_max_length... OK
  Applying auth.0010_alter_group_name_max_length... OK
  Applying auth.0011_update_proxy_permissions... OK
  Applying auth.0012_alter_user_first_name_max_length... OK
  Applying auth_users.0001_initial... OK
  Applying produits.0001_initial... OK
  Applying produits.0002_marque_alter_produit_marque_alter_produit_prix_achat_and_more... OK
  Applying produits.0003_produit_achat_devise_produit_conversion_unit_and_more... OK
  Applying achats.0001_initial... OK
  Applying admin.0001_initial... OK
  Applying admin.0002_logentry_remove_auto_add... OK
  Applying admin.0003_logentry_add_action_flag_choices... OK
  Applying audit.0001_initial... OK
  Applying auth_users.0002_utilisateur_derniere_tentative_and_more... OK
  Applying clients.0001_initial... OK
  Applying clients.0002_client_limite_credit_client_score_statut... OK
  Applying stock.0001_initial... OK
  Applying stock.0002_localisation_remove_mouvementstock_source_and_more... OK
  Applying commandes.0001_initial... OK
  Applying commandes.0002_commande_localisation_commande_photo_colis_and_more... OK
  Applying django_rest_passwordreset.0001_initial... OK
  Applying django_rest_passwordreset.0002_pk_migration... OK
  Applying django_rest_passwordreset.0003_allow_blank_and_null_fields... OK
  Applying django_rest_passwordreset.0004_alter_resetpasswordtoken_user_agent... OK
  Applying factures.0001_initial... OK
  Applying finances.0001_initial... OK
  Applying finances.0002_categoriedepense_budget_mensuel_depense_devise_and_more... OK
  Applying sessions.0001_initial... OK
  Applying token_blacklist.0001_initial... OK
  Applying token_blacklist.0002_outstandingtoken_jti_hex... OK
  Applying token_blacklist.0003_auto_20171017_2007... OK
  Applying token_blacklist.0004_auto_20171017_2013... OK
  Applying token_blacklist.0005_remove_outstandingtoken_jti... OK
  Applying token_blacklist.0006_auto_20171017_2113... OK
  Applying token_blacklist.0007_auto_20171017_2214... OK
  Applying token_blacklist.0008_migrate_to_bigautofield... OK
  Applying token_blacklist.0010_fix_migrate_to_bigautofield... OK
  Applying token_blacklist.0011_linearizes_history... OK
  Applying token_blacklist.0012_alter_outstandingtoken_user... OK
test_creation_achat_fou
rnisseur (achats.tests.
AchatFournisseurTestCas
e.test_creation_achat_f
ournisseur)
CrÚer un PO avec 10 
cartons de plaquettes 
frein ... FAIL

=======================
=======================
=======================
=
FAIL: test_creation_ach
at_fournisseur (achats.
tests.AchatFournisseurT
estCase.test_creation_a
chat_fournisseur)
CrÚer un PO avec 10 
cartons de plaquettes 
frein
-----------------------
-----------------------
-----------------------
-
Traceback (most recent 
call last):
  File "C:\Users\Djiba 
Kourouma\Desktop\AutoPi
ecesPro\backend\apps\ac
hats\tests.py", line 
91, in test_creation_ac
hat_fournisseur
    self.assertEqual(re
sponse.status_code, sta
tus.HTTP_201_CREATED)
    ~~~~~~~~~~~~~~~~^^^
^^^^^^^^^^^^^^^^^^^^^^^
^^^^^^^^^^^^^^^^^^^^^
AssertionError: 400 != 
201

-----------------------
-----------------------
-----------------------
-
Ran 1 test in 1.179s

FAILED (failures=1)
Destroying test 
database for alias 
'default' ('file:memory
db_default?mode=memory&
cache=shared')...

  Applying token_blacklist.0013_alter_blacklistedtoken_options_and_more... OK
System check identified no issues (0 silenced).
DEBUG ACHATS 400: {'reference': [ErrorDetail(string='Ce champ est obligatoire.', code='required')]}
